 Network ronitnath-local-2c758ddf97_default Creating 
 Network ronitnath-local-2c758ddf97_default Created 
 Volume ronitnath-local-2c758ddf97_dev-db Creating 
 Volume ronitnath-local-2c758ddf97_dev-db Created 
 Container ronitnath-local-2c758ddf97-db-1 Creating 
 Container ronitnath-local-2c758ddf97-db-1 Created 
Attaching to db-1
 Container ronitnath-local-2c758ddf97-db-1 Starting 
 Container ronitnath-local-2c758ddf97-db-1 Started 
db-1  | The files belonging to this database system will be owned by user "postgres".
db-1  | This user must also own the server process.
db-1  | 
db-1  | The database cluster will be initialized with locale "en_US.utf8".
db-1  | The default database encoding has accordingly been set to "UTF8".
db-1  | The default text search configuration will be set to "english".
db-1  | 
db-1  | Data page checksums are disabled.
db-1  | 
db-1  | fixing permissions on existing directory /var/lib/postgresql/data ... ok
db-1  | creating subdirectories ... ok
db-1  | selecting dynamic shared memory implementation ... posix
db-1  | selecting default "max_connections" ... 100
db-1  | selecting default "shared_buffers" ... 128MB
db-1  | selecting default time zone ... Etc/UTC
db-1  | creating configuration files ... ok
db-1  | running bootstrap script ... ok
db-1  | performing post-bootstrap initialization ... ok
db-1  | syncing data to disk ... ok
db-1  | 
db-1  | 
db-1  | Success. You can now start the database server using:
db-1  | 
db-1  |     pg_ctl -D /var/lib/postgresql/data -l logfile start
db-1  | 
db-1  | initdb: warning: enabling "trust" authentication for local connections
db-1  | initdb: hint: You can change this by editing pg_hba.conf or using the option -A, or --auth-local and --auth-host, the next time you run initdb.
db-1  | waiting for server to start....2026-09-13 21:38:15.397 UTC [131] LOG:  starting PostgreSQL 17.11 (Debian 17.11-1.pgdg13+2) on aarch64-unknown-linux-gnu, compiled by gcc (Debian 14.2.0-19) 14.2.0, 64-bit
db-1  | 2026-09-13 21:38:15.399 UTC [131] LOG:  listening on Unix socket "/var/run/postgresql/.s.PGSQL.5432"
db-1  | 2026-09-13 21:38:15.404 UTC [140] LOG:  database system was shut down at 2026-09-13 21:38:15 UTC
db-1  | 2026-09-13 21:38:15.406 UTC [131] LOG:  database system is ready to accept connections
db-1  |  done
db-1  | server started
db-1  | 2026-09-13 21:38:15.758 UTC [161] FATAL:  database "ronitnath" does not exist
db-1  | 2026-09-13 21:38:15.775 UTC [163] FATAL:  database "ronitnath" does not exist
db-1  | CREATE DATABASE
db-1  | 
db-1  | 
db-1  | /usr/local/bin/docker-entrypoint.sh: ignoring /docker-entrypoint-initdb.d/*
db-1  | 
db-1  | waiting for server to shut down...2026-09-13 21:38:16.236 UTC [131] LOG:  received fast shutdown request
db-1  | .2026-09-13 21:38:16.237 UTC [131] LOG:  aborting any active transactions
db-1  | 2026-09-13 21:38:16.245 UTC [131] LOG:  background worker "logical replication launcher" (PID 143) exited with exit code 1
db-1  | 2026-09-13 21:38:16.245 UTC [138] LOG:  shutting down
db-1  | 2026-09-13 21:38:16.246 UTC [138] LOG:  checkpoint starting: shutdown immediate
db-1  | 2026-09-13 21:38:16.296 UTC [138] LOG:  checkpoint complete: wrote 925 buffers (5.6%); 0 WAL file(s) added, 0 removed, 0 recycled; write=0.039 s, sync=0.011 s, total=0.052 s; sync files=301, longest=0.004 s, average=0.001 s; distance=4256 kB, estimate=4256 kB; lsn=0/1917998, redo lsn=0/1917998
db-1  | 2026-09-13 21:38:16.303 UTC [131] LOG:  database system is shut down
db-1  |  done
db-1  | server stopped
db-1  | 
db-1  | PostgreSQL init process complete; ready for start up.
db-1  | 
db-1  | 2026-09-13 21:38:16.370 UTC [1] LOG:  starting PostgreSQL 17.11 (Debian 17.11-1.pgdg13+2) on aarch64-unknown-linux-gnu, compiled by gcc (Debian 14.2.0-19) 14.2.0, 64-bit
db-1  | 2026-09-13 21:38:16.372 UTC [1] LOG:  listening on IPv4 address "0.0.0.0", port 5432
db-1  | 2026-09-13 21:38:16.372 UTC [1] LOG:  listening on IPv6 address "::", port 5432
db-1  | 2026-09-13 21:38:16.374 UTC [1] LOG:  listening on Unix socket "/var/run/postgresql/.s.PGSQL.5432"
db-1  | 2026-09-13 21:38:16.376 UTC [168] LOG:  database system was shut down at 2026-09-13 21:38:16 UTC
db-1  | 2026-09-13 21:38:16.380 UTC [1] LOG:  database system is ready to accept connections
db-1  | 2026-09-13 21:38:30.595 UTC [180] ERROR:  relation "configured" does not exist at character 15
db-1  | 2026-09-13 21:38:30.595 UTC [180] STATEMENT:  SELECT * FROM configured WHERE org_id=$1 AND key=$2 AND state=$3
db-1  | 2026-09-13 21:38:30.669 UTC [189] ERROR:  relation "configured" does not exist at character 15
db-1  | 2026-09-13 21:38:30.669 UTC [189] STATEMENT:  SELECT * FROM configured WHERE org_id=$1 AND key=$2 AND state=$3
 Compose Stopping Gracefully Stopping... press Ctrl+C again to force
 Container ronitnath-local-2c758ddf97-db-1 Stopping 
 Container ronitnath-local-2c758ddf97-db-1 Stopped 

 Network ronitnath-local-2c758ddf97_default Creating 
 Network ronitnath-local-2c758ddf97_default Created 
 Volume ronitnath-local-2c758ddf97_dev-db Creating 
 Volume ronitnath-local-2c758ddf97_dev-db Created 
 Container ronitnath-local-2c758ddf97-db-1 Creating 
 Container ronitnath-local-2c758ddf97-db-1 Created 
Attaching to db-1
 Container ronitnath-local-2c758ddf97-db-1 Starting 
 Container ronitnath-local-2c758ddf97-db-1 Started 
db-1  | The files belonging to this database system will be owned by user "postgres".
db-1  | This user must also own the server process.
db-1  | 
db-1  | The database cluster will be initialized with locale "en_US.utf8".
db-1  | The default database encoding has accordingly been set to "UTF8".
db-1  | The default text search configuration will be set to "english".
db-1  | 
db-1  | Data page checksums are disabled.
db-1  | 
db-1  | fixing permissions on existing directory /var/lib/postgresql/data ... ok
db-1  | creating subdirectories ... ok
db-1  | selecting dynamic shared memory implementation ... posix
db-1  | selecting default "max_connections" ... 100
db-1  | selecting default "shared_buffers" ... 128MB
db-1  | selecting default time zone ... Etc/UTC
db-1  | creating configuration files ... ok
db-1  | running bootstrap script ... ok
db-1  | performing post-bootstrap initialization ... ok
db-1  | syncing data to disk ... ok
db-1  | 
db-1  | 
db-1  | Success. You can now start the database server using:
db-1  | 
db-1  |     pg_ctl -D /var/lib/postgresql/data -l logfile start
db-1  | 
db-1  | initdb: warning: enabling "trust" authentication for local connections
db-1  | initdb: hint: You can change this by editing pg_hba.conf or using the option -A, or --auth-local and --auth-host, the next time you run initdb.
db-1  | waiting for server to start....2026-09-13 21:38:54.460 UTC [65] LOG:  starting PostgreSQL 17.11 (Debian 17.11-1.pgdg13+2) on aarch64-unknown-linux-gnu, compiled by gcc (Debian 14.2.0-19) 14.2.0, 64-bit
db-1  | 2026-09-13 21:38:54.462 UTC [65] LOG:  listening on Unix socket "/var/run/postgresql/.s.PGSQL.5432"
db-1  | 2026-09-13 21:38:54.466 UTC [68] LOG:  database system was shut down at 2026-09-13 21:38:54 UTC
db-1  | 2026-09-13 21:38:54.468 UTC [65] LOG:  database system is ready to accept connections
db-1  |  done
db-1  | server started
db-1  | CREATE DATABASE
db-1  | 
db-1  | 
db-1  | /usr/local/bin/docker-entrypoint.sh: ignoring /docker-entrypoint-initdb.d/*
db-1  | 
db-1  | waiting for server to shut down....2026-09-13 21:38:54.692 UTC [65] LOG:  received fast shutdown request
db-1  | 2026-09-13 21:38:54.692 UTC [65] LOG:  aborting any active transactions
db-1  | 2026-09-13 21:38:54.694 UTC [65] LOG:  background worker "logical replication launcher" (PID 71) exited with exit code 1
db-1  | 2026-09-13 21:38:54.694 UTC [66] LOG:  shutting down
db-1  | 2026-09-13 21:38:54.694 UTC [66] LOG:  checkpoint starting: shutdown immediate
db-1  | 2026-09-13 21:38:54.698 UTC [84] FATAL:  the database system is shutting down
db-1  | 2026-09-13 21:38:54.726 UTC [66] LOG:  checkpoint complete: wrote 925 buffers (5.6%); 0 WAL file(s) added, 0 removed, 0 recycled; write=0.021 s, sync=0.010 s, total=0.033 s; sync files=301, longest=0.003 s, average=0.001 s; distance=4256 kB, estimate=4256 kB; lsn=0/1917998, redo lsn=0/1917998
db-1  | 2026-09-13 21:38:54.728 UTC [65] LOG:  database system is shut down
db-1  |  done
db-1  | server stopped
db-1  | 
db-1  | PostgreSQL init process complete; ready for start up.
db-1  | 
db-1  | 2026-09-13 21:38:54.822 UTC [1] LOG:  starting PostgreSQL 17.11 (Debian 17.11-1.pgdg13+2) on aarch64-unknown-linux-gnu, compiled by gcc (Debian 14.2.0-19) 14.2.0, 64-bit
db-1  | 2026-09-13 21:38:54.822 UTC [1] LOG:  listening on IPv4 address "0.0.0.0", port 5432
db-1  | 2026-09-13 21:38:54.822 UTC [1] LOG:  listening on IPv6 address "::", port 5432
db-1  | 2026-09-13 21:38:54.824 UTC [1] LOG:  listening on Unix socket "/var/run/postgresql/.s.PGSQL.5432"
db-1  | 2026-09-13 21:38:54.827 UTC [88] LOG:  database system was shut down at 2026-09-13 21:38:54 UTC
db-1  | 2026-09-13 21:38:54.829 UTC [1] LOG:  database system is ready to accept connections
 Compose Stopping Gracefully Stopping... press Ctrl+C again to force
 Container ronitnath-local-2c758ddf97-db-1 Stopping 
 Container ronitnath-local-2c758ddf97-db-1 Stopped 

